2026-09-16 14:03:22,284 - INFO - Starting test_example
2026-09-16 14:03:26,051 - INFO - Navigated to example.com
2026-09-16 14:03:26,055 - INFO - Assertion passed: title is 'Example Domain'
2026-09-16 14:03:26,095 - INFO - Screenshot saved: C:\Users\sachi\Downloads\Python_Project\CI_CD_Project\my-playwright-ci-project/screenshots/test_example_20260916_140326.png
2026-09-16 14:03:26,123 - INFO - Browser closed
2026-09-16 14:03:26,134 - INFO - Starting test_google_homepage
2026-09-16 14:03:27,490 - INFO - Navigated to google.com
2026-09-16 14:03:27,496 - INFO - Assertion passed: 'Google' in title
2026-09-16 14:03:27,560 - INFO - Screenshot saved: C:\Users\sachi\Downloads\Python_Project\CI_CD_Project\my-playwright-ci-project/screenshots/google_20260916_140327.png
2026-09-16 14:03:27,598 - INFO - Browser closed
2026-09-16 17:11:40,571 - INFO - Starting test_example
2026-09-16 17:11:40,571 - INFO - Starting test_example
2026-09-16 17:11:45,408 - INFO - Navigated to example.com
2026-09-16 17:11:45,408 - INFO - Navigated to example.com
2026-09-16 17:11:45,527 - INFO - Assertion passed
2026-09-16 17:11:45,527 - INFO - Assertion passed
2026-09-16 17:11:45,604 - INFO - Screenshot saved: C:\Users\sachi\Downloads\Python_Project\CI_CD_Project\my-playwright-ci-project\screenshots\test_example_20260916_171145.png
2026-09-16 17:11:45,604 - INFO - Screenshot saved: C:\Users\sachi\Downloads\Python_Project\CI_CD_Project\my-playwright-ci-project\screenshots\test_example_20260916_171145.png
2026-09-16 17:11:45,673 - INFO - Browser closed
2026-09-16 17:11:45,673 - INFO - Browser closed
2026-09-16 17:11:45,710 - INFO - Starting test_google
2026-09-16 17:11:45,710 - INFO - Starting test_google
2026-09-16 17:11:48,420 - INFO - Navigated to google.com
2026-09-16 17:11:48,420 - INFO - Navigated to google.com
2026-09-16 17:11:48,443 - INFO - Assertion passed
2026-09-16 17:11:48,443 - INFO - Assertion passed
2026-09-16 17:11:48,520 - INFO - Screenshot saved: C:\Users\sachi\Downloads\Python_Project\CI_CD_Project\my-playwright-ci-project\screenshots\test_google_20260916_171148.png
2026-09-16 17:11:48,520 - INFO - Screenshot saved: C:\Users\sachi\Downloads\Python_Project\CI_CD_Project\my-playwright-ci-project\screenshots\test_google_20260916_171148.png
2026-09-16 17:11:48,580 - INFO - Browser closed
2026-09-16 17:11:48,580 - INFO - Browser closed
2026-09-16 17:14:25,691 - INFO - Starting test_example
2026-09-16 17:14:25,691 - INFO - Starting test_example
2026-09-16 17:14:27,379 - INFO - Navigated to example.com
2026-09-16 17:14:27,379 - INFO - Navigated to example.com
2026-09-16 17:14:27,402 - INFO - Assertion passed
2026-09-16 17:14:27,402 - INFO - Assertion passed
2026-09-16 17:14:27,462 - INFO - Screenshot saved: C:\Users\sachi\Downloads\Python_Project\CI_CD_Project\my-playwright-ci-project\screenshots\test_example_20260916_171427.png
2026-09-16 17:14:27,462 - INFO - Screenshot saved: C:\Users\sachi\Downloads\Python_Project\CI_CD_Project\my-playwright-ci-project\screenshots\test_example_20260916_171427.png
2026-09-16 17:14:27,579 - INFO - Browser closed
2026-09-16 17:14:27,579 - INFO - Browser closed
2026-09-16 17:14:27,610 - INFO - Starting test_google
2026-09-16 17:14:27,610 - INFO - Starting test_google
2026-09-16 17:14:30,291 - INFO - Navigated to google.com
2026-09-16 17:14:30,291 - INFO - Navigated to google.com
2026-09-16 17:14:30,298 - INFO - Assertion passed
2026-09-16 17:14:30,298 - INFO - Assertion passed
2026-09-16 17:14:30,373 - INFO - Screenshot saved: C:\Users\sachi\Downloads\Python_Project\CI_CD_Project\my-playwright-ci-project\screenshots\test_google_20260916_171430.png
2026-09-16 17:14:30,373 - INFO - Screenshot saved: C:\Users\sachi\Downloads\Python_Project\CI_CD_Project\my-playwright-ci-project\screenshots\test_google_20260916_171430.png
2026-09-16 17:14:30,471 - INFO - Browser closed
2026-09-16 17:14:30,471 - INFO - Browser closed
2026-09-16 18:45:15,187 - INFO - Starting test_example
2026-09-16 18:45:15,187 - INFO - Starting test_example
2026-09-16 18:45:19,725 - INFO - Navigated to example.com
2026-09-16 18:45:19,725 - INFO - Navigated to example.com
2026-09-16 18:45:19,757 - INFO - Assertion passed
2026-09-16 18:45:19,757 - INFO - Assertion passed
2026-09-16 18:45:19,832 - INFO - Screenshot saved: C:\Users\sachi\Downloads\Python_Project\CI_CD_Project\my-playwright-ci-project\screenshots\test_example_20260916_184519.png
2026-09-16 18:45:19,832 - INFO - Screenshot saved: C:\Users\sachi\Downloads\Python_Project\CI_CD_Project\my-playwright-ci-project\screenshots\test_example_20260916_184519.png
2026-09-16 18:45:19,927 - INFO - Browser closed
2026-09-16 18:45:19,927 - INFO - Browser closed
2026-09-16 18:45:19,949 - INFO - Starting test_google
2026-09-16 18:45:19,949 - INFO - Starting test_google
2026-09-16 18:45:22,333 - INFO - Navigated to google.com
2026-09-16 18:45:22,333 - INFO - Navigated to google.com
2026-09-16 18:45:22,340 - INFO - Assertion passed
2026-09-16 18:45:22,340 - INFO - Assertion passed
2026-09-16 18:45:22,472 - INFO - Screenshot saved: C:\Users\sachi\Downloads\Python_Project\CI_CD_Project\my-playwright-ci-project\screenshots\test_google_20260916_184522.png
2026-09-16 18:45:22,472 - INFO - Screenshot saved: C:\Users\sachi\Downloads\Python_Project\CI_CD_Project\my-playwright-ci-project\screenshots\test_google_20260916_184522.png
2026-09-16 18:45:22,526 - INFO - Browser closed
2026-09-16 18:45:22,526 - INFO - Browser closed
2026-09-18 13:27:46,937 - INFO - Starting test_example
2026-09-18 13:27:46,937 - INFO - Starting test_example
2026-09-18 13:27:52,320 - INFO - Navigated to example.com
2026-09-18 13:27:52,320 - INFO - Navigated to example.com
2026-09-18 13:27:52,425 - INFO - Assertion passed
2026-09-18 13:27:52,425 - INFO - Assertion passed
2026-09-18 13:27:52,515 - INFO - Screenshot saved: C:\Users\sachi\Downloads\Python_Project\CI_CD_Project\my-playwright-ci-project\screenshots\test_example_20260918_132752.png
2026-09-18 13:27:52,515 - INFO - Screenshot saved: C:\Users\sachi\Downloads\Python_Project\CI_CD_Project\my-playwright-ci-project\screenshots\test_example_20260918_132752.png
2026-09-18 13:27:52,647 - INFO - Browser closed
2026-09-18 13:27:52,647 - INFO - Browser closed
2026-09-18 13:27:52,687 - INFO - Starting test_google
2026-09-18 13:27:52,687 - INFO - Starting test_google
2026-09-18 13:27:55,844 - INFO - Navigated to google.com
2026-09-18 13:27:55,844 - INFO - Navigated to google.com
2026-09-18 13:27:55,898 - INFO - Assertion passed
2026-09-18 13:27:55,898 - INFO - Assertion passed
2026-09-18 13:27:56,024 - INFO - Screenshot saved: C:\Users\sachi\Downloads\Python_Project\CI_CD_Project\my-playwright-ci-project\screenshots\test_google_20260918_132755.png
2026-09-18 13:27:56,024 - INFO - Screenshot saved: C:\Users\sachi\Downloads\Python_Project\CI_CD_Project\my-playwright-ci-project\screenshots\test_google_20260918_132755.png
2026-09-18 13:27:56,151 - INFO - Browser closed
2026-09-18 13:27:56,151 - INFO - Browser closed
2026-09-18 13:37:44,182 - INFO - Starting test_example
2026-09-18 13:37:44,182 - INFO - Starting test_example
2026-09-18 13:37:48,918 - INFO - Navigated to example.com
2026-09-18 13:37:48,918 - INFO - Navigated to example.com
2026-09-18 13:37:48,991 - INFO - Assertion passed
2026-09-18 13:37:48,991 - INFO - Assertion passed
2026-09-18 13:37:49,047 - INFO - Screenshot saved: C:\Users\sachi\Downloads\Python_Project\CI_CD_Project\my-playwright-ci-project\screenshots\test_example_20260918_133748.png
2026-09-18 13:37:49,047 - INFO - Screenshot saved: C:\Users\sachi\Downloads\Python_Project\CI_CD_Project\my-playwright-ci-project\screenshots\test_example_20260918_133748.png
2026-09-18 13:37:49,117 - INFO - Browser closed
2026-09-18 13:37:49,117 - INFO - Browser closed
2026-09-18 13:37:49,145 - INFO - Starting test_google
2026-09-18 13:37:49,145 - INFO - Starting test_google
2026-09-18 13:37:52,129 - INFO - Navigated to google.com
2026-09-18 13:37:52,129 - INFO - Navigated to google.com
2026-09-18 13:37:52,153 - INFO - Assertion passed
2026-09-18 13:37:52,153 - INFO - Assertion passed
2026-09-18 13:37:52,278 - INFO - Screenshot saved: C:\Users\sachi\Downloads\Python_Project\CI_CD_Project\my-playwright-ci-project\screenshots\test_google_20260918_133752.png
2026-09-18 13:37:52,278 - INFO - Screenshot saved: C:\Users\sachi\Downloads\Python_Project\CI_CD_Project\my-playwright-ci-project\screenshots\test_google_20260918_133752.png
2026-09-18 13:37:52,386 - INFO - Browser closed
2026-09-18 13:37:52,386 - INFO - Browser closed
2026-09-18 14:02:33,921 - INFO - Starting test_google
2026-09-18 14:02:33,921 - INFO - Starting test_google
2026-09-18 14:02:33,923 - INFO - Starting test_example
2026-09-18 14:02:33,923 - INFO - Starting test_example
2026-09-18 14:02:38,927 - INFO - Navigated to example.com
2026-09-18 14:02:38,927 - INFO - Navigated to example.com
2026-09-18 14:02:39,005 - INFO - Assertion passed
2026-09-18 14:02:39,005 - INFO - Assertion passed
2026-09-18 14:02:39,054 - INFO - Screenshot saved: C:\Users\sachi\Downloads\Python_Project\CI_CD_Project\my-playwright-ci-project\screenshots\test_example_20260918_140239.png
2026-09-18 14:02:39,054 - INFO - Screenshot saved: C:\Users\sachi\Downloads\Python_Project\CI_CD_Project\my-playwright-ci-project\screenshots\test_example_20260918_140239.png
2026-09-18 14:02:39,135 - INFO - Browser closed
2026-09-18 14:02:39,135 - INFO - Browser closed
2026-09-18 14:02:39,877 - INFO - Navigated to google.com
2026-09-18 14:02:39,877 - INFO - Navigated to google.com
2026-09-18 14:02:39,891 - INFO - Assertion passed
2026-09-18 14:02:39,891 - INFO - Assertion passed
2026-09-18 14:02:39,999 - INFO - Screenshot saved: C:\Users\sachi\Downloads\Python_Project\CI_CD_Project\my-playwright-ci-project\screenshots\test_google_20260918_140239.png
2026-09-18 14:02:39,999 - INFO - Screenshot saved: C:\Users\sachi\Downloads\Python_Project\CI_CD_Project\my-playwright-ci-project\screenshots\test_google_20260918_140239.png
2026-09-18 14:02:40,081 - INFO - Browser closed
2026-09-18 14:02:40,081 - INFO - Browser closed
